// Jest Snapshot v1, https://goo.gl/fbAQLP

exports[`should render ExpenseListItem 1`] = `
<Link
  className="list-item"
  to="/edit/1"
>
  <div>
    <h3
      className="list-item__title"
    >
      rent
    </h3>
    <span
      className="list-item__subtitle"
    >
      January 10th, 1970
    </span>
  </div>
  <div>
    <h3
      className="list-item__amount"
    >
      $2,000.00
    </h3>
  </div>
</Link>
`;
